#-----------------------------------------------------------
# Vivado v2017.1 (64-bit)
# SW Build 1846317 on Fri Apr 14 18:55:03 MDT 2017
# IP Build 1846188 on Fri Apr 14 20:52:08 MDT 2017
# Start of session at: Tue Oct 31 12:08:07 2017
# Process ID: 61664
# Current directory: E:/Work_File/CEPC/Logic/DIF-Logic/ECAL_DIF
# Command line: vivado.exe -gui_launcher_event rodinguilauncherevent63212 E:\Work_File\CEPC\Logic\DIF-Logic\ECAL_DIF\ECAL_DIF.xpr
# Log file: E:/Work_File/CEPC/Logic/DIF-Logic/ECAL_DIF/vivado.log
# Journal file: E:/Work_File/CEPC/Logic/DIF-Logic/ECAL_DIF\vivado.jou
#-----------------------------------------------------------
start_gui
open_project E:/Work_File/CEPC/Logic/DIF-Logic/ECAL_DIF/ECAL_DIF.xpr
update_compile_order -fileset sources_1
reset_run synth_1
launch_runs synth_1 -jobs 4
wait_on_run synth_1
launch_runs impl_1 -jobs 4
wait_on_run impl_1
launch_runs impl_1 -to_step write_bitstream -jobs 4
wait_on_run impl_1
open_hw
connect_hw_server
open_hw_target
set_property PROGRAM.FILE {E:/Work_File/CEPC/Logic/DIF-Logic/ECAL_DIF/ECAL_DIF.runs/impl_1/Top_Level.bit} [get_hw_devices xc7a100t_0]
set_property PROBES.FILE {E:/Work_File/CEPC/Logic/DIF-Logic/ECAL_DIF/ECAL_DIF.runs/impl_1/Top_Level.ltx} [get_hw_devices xc7a100t_0]
set_property FULL_PROBES.FILE {E:/Work_File/CEPC/Logic/DIF-Logic/ECAL_DIF/ECAL_DIF.runs/impl_1/Top_Level.ltx} [get_hw_devices xc7a100t_0]
current_hw_device [get_hw_devices xc7a100t_0]
refresh_hw_device [lindex [get_hw_devices xc7a100t_0] 0]
create_hw_cfgmem -hw_device [lindex [get_hw_devices] 0] -mem_dev [lindex [get_cfgmem_parts {mt25ql128-spi-x1_x2_x4}] 0]
set_property PROBES.FILE {} [get_hw_devices xc7a100t_0]
set_property FULL_PROBES.FILE {} [get_hw_devices xc7a100t_0]
set_property PROGRAM.FILE {E:/Work_File/CEPC/Logic/DIF-Logic/ECAL_DIF/ECAL_DIF.runs/impl_1/Top_Level.bit} [get_hw_devices xc7a100t_0]
program_hw_devices -disable_eos_check [get_hw_devices xc7a100t_0]
refresh_hw_device [lindex [get_hw_devices xc7a100t_0] 0]
close_hw
open_hw
connect_hw_server
open_hw_target
set_property PROGRAM.FILE {E:/Work_File/CEPC/Logic/DIF-Logic/ECAL_DIF/ECAL_DIF.runs/impl_1/Top_Level.bit} [get_hw_devices xc7a100t_0]
set_property PROBES.FILE {E:/Work_File/CEPC/Logic/DIF-Logic/ECAL_DIF/ECAL_DIF.runs/impl_1/Top_Level.ltx} [get_hw_devices xc7a100t_0]
set_property FULL_PROBES.FILE {E:/Work_File/CEPC/Logic/DIF-Logic/ECAL_DIF/ECAL_DIF.runs/impl_1/Top_Level.ltx} [get_hw_devices xc7a100t_0]
current_hw_device [get_hw_devices xc7a100t_0]
refresh_hw_device [lindex [get_hw_devices xc7a100t_0] 0]
create_hw_cfgmem -hw_device [lindex [get_hw_devices] 0] -mem_dev [lindex [get_cfgmem_parts {mt25ql128-spi-x1_x2_x4}] 0]
set_property PROBES.FILE {} [get_hw_devices xc7a100t_0]
set_property FULL_PROBES.FILE {} [get_hw_devices xc7a100t_0]
set_property PROGRAM.FILE {E:/Work_File/CEPC/Logic/DIF-Logic/ECAL_DIF/ECAL_DIF.runs/impl_1/Top_Level.bit} [get_hw_devices xc7a100t_0]
program_hw_devices -disable_eos_check [get_hw_devices xc7a100t_0]
refresh_hw_device [lindex [get_hw_devices xc7a100t_0] 0]
set_property PROBES.FILE {} [get_hw_devices xc7a100t_0]
set_property FULL_PROBES.FILE {} [get_hw_devices xc7a100t_0]
set_property PROGRAM.FILE {E:/Work_File/CEPC/Logic/DIF-Logic/ECAL_DIF/ECAL_DIF.runs/impl_1/Top_Level.bit} [get_hw_devices xc7a100t_0]
program_hw_devices [get_hw_devices xc7a100t_0]
refresh_hw_device [lindex [get_hw_devices xc7a100t_0] 0]
set_property PROBES.FILE {} [get_hw_devices xc7a100t_0]
set_property FULL_PROBES.FILE {} [get_hw_devices xc7a100t_0]
set_property PROGRAM.FILE {E:/Work_File/CEPC/Logic/DIF-Logic/ECAL_DIF/ECAL_DIF.runs/impl_1/Top_Level.bit} [get_hw_devices xc7a100t_0]
program_hw_devices [get_hw_devices xc7a100t_0]
refresh_hw_device [lindex [get_hw_devices xc7a100t_0] 0]
set_property PROBES.FILE {} [get_hw_devices xc7a100t_0]
set_property FULL_PROBES.FILE {} [get_hw_devices xc7a100t_0]
set_property PROGRAM.FILE {E:/Work_File/CEPC/Logic/DIF-Logic/ECAL_DIF/ECAL_DIF.runs/impl_1/Top_Level.bit} [get_hw_devices xc7a100t_0]
program_hw_devices [get_hw_devices xc7a100t_0]
refresh_hw_device [lindex [get_hw_devices xc7a100t_0] 0]
close_hw
write_cfgmem  -format mcs -size 16 -interface SPIx4 -loadbit {up 0x00000000 "E:/Work_File/CEPC/Logic/DIF-Logic/ECAL_DIF/ECAL_DIF.runs/impl_1/Top_Level.bit" } -force -file "E:/Work_File/CEPC/Logic/DIF-Logic/ECAL_DIF/ECAL_DIF.runs/impl_1/Configuration_N25Q128_V5.2.mcs"
close_project
open_hw
connect_hw_server
open_hw_target
current_hw_device [get_hw_devices xc7a100t_0]
refresh_hw_device -update_hw_probes false [lindex [get_hw_devices xc7a100t_0] 0]
create_hw_cfgmem -hw_device [lindex [get_hw_devices xc7a100t_0] 0] [lindex [get_cfgmem_parts {mt25ql128-spi-x1_x2_x4}] 0]
set_property PROGRAM.BLANK_CHECK  0 [ get_property PROGRAM.HW_CFGMEM [lindex [get_hw_devices xc7a100t_0] 0]]
set_property PROGRAM.ERASE  1 [ get_property PROGRAM.HW_CFGMEM [lindex [get_hw_devices xc7a100t_0] 0]]
set_property PROGRAM.CFG_PROGRAM  1 [ get_property PROGRAM.HW_CFGMEM [lindex [get_hw_devices xc7a100t_0] 0]]
set_property PROGRAM.VERIFY  1 [ get_property PROGRAM.HW_CFGMEM [lindex [get_hw_devices xc7a100t_0] 0]]
set_property PROGRAM.CHECKSUM  0 [ get_property PROGRAM.HW_CFGMEM [lindex [get_hw_devices xc7a100t_0] 0]]
refresh_hw_device [lindex [get_hw_devices xc7a100t_0] 0]
set_property PROGRAM.ADDRESS_RANGE  {use_file} [ get_property PROGRAM.HW_CFGMEM [lindex [get_hw_devices xc7a100t_0] 0]]
set_property PROGRAM.FILES [list "E:/Work_File/CEPC/Logic/DIF-Logic/ECAL_DIF/ECAL_DIF.runs/impl_1/Configuration_N25Q128_V5.2.mcs" ] [ get_property PROGRAM.HW_CFGMEM [lindex [get_hw_devices xc7a100t_0] 0]]
set_property PROGRAM.PRM_FILE { } [ get_property PROGRAM.HW_CFGMEM [lindex [get_hw_devices xc7a100t_0] 0]]
set_property PROGRAM.UNUSED_PIN_TERMINATION {pull-none} [ get_property PROGRAM.HW_CFGMEM [lindex [get_hw_devices xc7a100t_0] 0]]
set_property PROGRAM.BLANK_CHECK  0 [ get_property PROGRAM.HW_CFGMEM [lindex [get_hw_devices xc7a100t_0] 0]]
set_property PROGRAM.ERASE  1 [ get_property PROGRAM.HW_CFGMEM [lindex [get_hw_devices xc7a100t_0] 0]]
set_property PROGRAM.CFG_PROGRAM  1 [ get_property PROGRAM.HW_CFGMEM [lindex [get_hw_devices xc7a100t_0] 0]]
set_property PROGRAM.VERIFY  1 [ get_property PROGRAM.HW_CFGMEM [lindex [get_hw_devices xc7a100t_0] 0]]
set_property PROGRAM.CHECKSUM  0 [ get_property PROGRAM.HW_CFGMEM [lindex [get_hw_devices xc7a100t_0] 0]]
startgroup 
if {![string equal [get_property PROGRAM.HW_CFGMEM_TYPE  [lindex [get_hw_devices xc7a100t_0] 0]] [get_property MEM_TYPE [get_property CFGMEM_PART [ get_property PROGRAM.HW_CFGMEM [lindex [get_hw_devices xc7a100t_0] 0]]]]] }  { create_hw_bitstream -hw_device [lindex [get_hw_devices xc7a100t_0] 0] [get_property PROGRAM.HW_CFGMEM_BITFILE [ lindex [get_hw_devices xc7a100t_0] 0]]; program_hw_devices [lindex [get_hw_devices xc7a100t_0] 0]; }; 
program_hw_cfgmem -hw_cfgmem [ get_property PROGRAM.HW_CFGMEM [lindex [get_hw_devices xc7a100t_0] 0]]
endgroup
